// Jest Snapshot v1, https://goo.gl/fbAQLP

exports[`renders LoginInput component 1`] = `
<View
  style={
    Object {
      "alignSelf": "stretch",
      "marginBottom": 16,
      "marginHorizontal": 16,
    }
  }
>
  <TextInput
    allowFontScaling={true}
    autoCapitalize="none"
    autoCorrect={false}
    rejectResponderTermination={true}
    selectionColor="#00d474"
    style={
      Array [
        Array [
          Object {
            "alignSelf": "stretch",
            "backgroundColor": "rgba(255,255,255,0.5)",
            "borderBottomWidth": 1,
            "fontFamily": "normal",
            "fontSize": 18,
            "fontWeight": "normal",
          },
          undefined,
        ],
        undefined,
      ]
    }
    underlineColorAndroid="transparent"
  />
  <Text
    style={
      Object {
        "color": "#dc3545",
        "height": 39.199999999999996,
        "margin": 4,
      }
    }
  />
</View>
`;
